SFTPA1
SCGB1A1
SFTPC
SFTPB
SFTA2
TBX4
SFTPD
SCGB3A2
SFTPA2
AGER
CLDN18
NAPSA
SLC34A2
MS4A15
CHIAP2
ROS1
LAMP3
BPIFB1
CHIA
NKX2-1
GGTLC1
WNT3A
WIF1
SCGB3A1
C11orf16
BPIFA1
RN7SKP51
SFTA1P
RP1-251M9.3
GS1-600G8.5
RP11-302F12.1
RP11-88I21.2
RP11-513N24.1
SERPINB3
SEC14L3
PRX
C6orf118
CCL20
MUC5B
LRRN4
CDHR3
IL36G
CAPSL
ACOXL
FAM92B
C1orf87
PGLYRP4
CSF2
KRT4
LGALS7B
FAM216B
AKAP5
CCDC108
RTKN2
GKN2
NPW
KLK12
FAM183A
CDHR4
SNTN
CXCL17
CYP2F1
SERPINB13
LDLRAD1
LGALS7
SERPINB11
SERPINB4
MIR34B
AC079630.2
SFTA3
ANKRD66
RPL13AP17
AC008268.1
ECEL1P2
SNORD63
Y_RNA
RP11-434I12.3
RP11-77A13.1
RP11-476D10.1
ADAMTS7P3
RP11-15K2.2
SLC6A14
RP11-635O16.2
FMO3
DLEC1
MVP
GPRC5A
CLCA1
SLC38A5
F7
WISP2
DMRT3
ATP2C2
PITX1
TRPM5
FGF4
ATP12A
SPAG6
ITGA8
BPIFB2
TP73
PIH1D3
CPB2
CXCL2
AC000111.6
SLCO1A2
CEACAM6
OAS1
LYZ
TEKT2
FMO2
KCNK16
PGC
PLA2G3
DMC1
GZMB
WFDC2
PHEX
GPR50
MSLN
MT4
TSNAXIP1
FOXF1
TMC5
ADAM2
CASP14
ICAM4
CNFN
TCEB1P28
HYAL4
AGR2
C5
CYP2C18
CSF3
SLC6A4
KRT32
PRR4
SCNN1A
RSPH4A
MAK
TULP1
GLP1R
PTK7
CDX1
RBP2
VIPR1
CYTIP
DNAH6
EPAS1
TFAP2E
MMP8
DNAH7
GLE1
IFNA6
IFNA8
TTLL2
LYZL1
TBX2
PRB2
IAPP
CSTA
TMEM54
OBP2A
TBX22
OR2S2
DNAI1
SRGN
C4BPA
DAW1
FAM124B
PI3
ARHGAP40
C20orf85
IL17C
POF1B
SPDEF
CXCL6
EREG
TGM3
DEFB129
STATH
ATP13A4
VPREB3
RIBC2
LRRC6
KLK10
KLK8
RNASE1
PLVAP
STK33
EPS8L1
BPIFA2
IQCA1
RGS22
SSTR4
RNF17
MYH8
STOML3
SEC14L4
LRRIQ1
DYDC2
CA1
GRP
PRH2
MYBPC3
PIWIL4
DSG1
DSC1
ADAMTS8
DRAM1
SCEL
NKX2-8
GALNT5
CFC1
WDR38
IFNA21
IGFBPL1
FGFBP1
TTC29
TMPRSS4
MMP13
SMAD6
CLCA2
ACVRL1
AK7
CCDC33
WDR93
CLEC18B
CCDC40
IL19
CFAP74
FHAD1
FCN3
CYP4B1
S100A7
ATP6V1C2
CNGA3
SPAG16
ABCA12
ARHGAP18
SPIN2A
AWAT2
GPC3
DOK2
MAL2
GSDMC
SLC39A4
IFNA5
IFNA16
ANKRD30A
MS4A3
FRMPD2B
PCDH15
CCDC83
LYZL2
CFC1B
SH2D6
SPEF2
TEKT5
ADGRF4
C16orf89
CERS3
AK9
XAGE2
SPAG17
CFAP161
CLDN17
PRG3
CLEC18A
C1orf158
CLEC18C
HYDIN
LCA5L
DRC1
FAIM
CPA5
POM121L2
ALAS2
WFDC8
IGF2BP1
PLA2G4D
M1AP
PGLYRP3
CCDC17
DRC7
ACE
TPPP3
LYPD5
C21orf58
C9orf116
DMKN
HCRT
JOSD2
AQP5
ALOX15
CCDC78
PDPN
UBXN10
MEGF6
WDR63
ANKRD30BL
TEKT4
SPATA18
CFAP221
S100A11
SPRR3
ALPP
ALPPL2
CXCR1
RETNLB
EFHB
PCOLCE2
CXCL3
CXCL1
DNALI1
CFAP100
LIPH
T
KIF6
FABP5
DEFA4
DCSTAMP
NKX6-3
ALDH1A1
DRGX
UCMA
AK8
C9orf9
SLC39A2
CYYR1
TMEM100
SERPINB7
CFAP52
SERPINB12
MMP10
ACSM1
MESP1
SCNN1G
MYO1A
MS4A8
KATNAL2
CA4
TMC4
ANKRD33
KLK5
KLK11
KLK13
ACER1
TEKT1
LGI3
CCDC110
DYNLRB2
DPCR1
WFDC12
COL4A3
ZBBX
ARMC4
GOT1L1
CXCL11
RNASE2
RNASE3
CXCL8
AHSP
S100G
SERPINA9
GYPA
FRMPD2
CST5
SEMA3E
KRT78
IRX1
SDR16C5
DYDC1
PLA2G1B
MBD3L1
OBP2B
MUC7
SMR3B
KRT19
KRT15
APLN
KRT13
HOPX
OR1L3
OTP
LKAAEAR1
DEFB4A
CFAP46
OR5B12
C2orf54
FAM170B
OR10AD1
MOS
COL6A5
UNC93B3
LIPM
NDNF
OLR1
APOBEC4
SLCO4C1
PIFO
ZNF80
SLC26A9
SLCO2A1
WDR49
DNAH12
CATSPERD
GPR149
CD164L2
WFDC5
VWA3A
GRAMD2
SCUBE2
GPX2
MAP3K19
HORMAD2
CCDC121
NCKAP5
DEFB103A
KRT18P28
ACER2
DEFB103B
DPY19L2
HTR3C
CALML3
CALML5
UCN3
PSAPL1
C10orf53
THBD
C5orf46
CCDC89
TMEM125
ALOX12B
GPHB5
ABCA13
AC079741.2
LYNX1
CCDC129
AGTR2
ANKRD30B
CXCR2
OR52N2
MAPK15
RP4-539M6.14
MUC16
NME9
TMEM45A
ATG9B
SNRPE
FAM159A
CCDC87
C1orf116
OTOP3
MCEMP1
FREM3
RIPPLY3
ANKRD20A2
CCDC60
SH2D7
TREX2
C11orf88
ACP7
FAM162B
MAATS1
DNAH2
TACSTD2
S100A7A
C6orf58
EFCAB10
KRT76
CD24P4
C12orf56
OR7A17
FAM47A
MUC1
CCDC190
SDHAP3
HTR3E
KRT73
TMEM212
CD300E
OR9Q1
SPIN2B
IFNA10
FGF3
TMPRSS11A
LCE3B
C17orf97
AMTN
RP11-723O4.6
DMBT1
SCGB1C1
FAM25A
IFNA2
NCCRP1
CFAP54
HMX3
FAM25G
PLAC9
FAM47B
CTSE
ADH7
THEM5
NOXO1
ADA
NEK5
LYPD2
S100A7L2
CYP2B6
COL13A1
SLC28A3
MYH6
SERPINB2
RPS26
CFAP43
CYP2A13
PRB3
HRNR
IFNA1
S100A6
TMPRSS11F
FAM47C
KRTAP13-1
OR14L1P
C1orf228
EGFL6
LRRC10
C1orf68
Y_RNA
Y_RNA
RNA5SP52
Y_RNA
SNORD114-14
RNU6-446P
RNU6-223P
RNU1-134P
Y_RNA
Y_RNA
Y_RNA
SNORD114-19
Y_RNA
SNORD113
Y_RNA
Y_RNA
RNU5E-8P
SNORA42
RNU6-509P
RNU6-1066P
Y_RNA
RNU1-87P
RNU6-899P
Y_RNA
RNA5SP493
SNORD74
Y_RNA
Y_RNA
Y_RNA
RNA5-8SP3
RNU6-1164P
RN7SKP227
Y_RNA
Y_RNA
RNU6-1082P
SNORA63
Y_RNA
SNORD114-15
Y_RNA
RNA5SP517
RNU6-621P
Y_RNA
RNY1P2
RNU6-967P
RNY1P13
Y_RNA
RNA5SP324
SNORD114-12
Y_RNA
RNY3P12
Y_RNA
RP11-77K12.4
OR6K3
KPRP
HSD3B1
HSD3B2
OOEP
IFIT1B
LIPK
RP11-126H7.4
ECEL1P1
NPY4R
ERICH2
LY6G6C
IGKV1OR-3
KRT40
CD177
MS4A13
OR5G5P
RP11-352D3.2
KRT6A
LINC01446
TECRL
GMNC
HBM
COL6A6
CFAP44
RNU6-841P
SNORD60
RNU6-1083P
Y_RNA
Y_RNA
RNU6-1310P
RNU6-1181P
RNU6-514P
Y_RNA
RNU6-5P
Y_RNA
RNU6-196P
Y_RNA
Y_RNA
Y_RNA
RNU6-790P
Y_RNA
RNU6-1152P
Y_RNA
Y_RNA
SNORA67
Y_RNA
MIR34C
MIR194-1
MIR449B
MIR650
MIR569
MIR23A
SNORA48
RNU6ATAC26P
AC115099.1
IGKV6D-41
TRAJ35
TRAJ24
IGHV1-45
AP000428.1
MIR543
RNU1-149P
SNORA48
SNORA48
SNORA48
SNORA48
SNORA48
RNU11-6P
SNORA48
SNORA48
U3
SNORA48
RNU1-56P
SNORA48
KLK9
RP3-382I10.7
RP11-364P2.2
EMP2
LTB4R2
HBG1
IFNA7
OR1X5P
OR7E148P
MS4A18
KRT16P3
RP11-509M23.1
KRT16P1
TCP11X2
DUSP8P3
MUC5AC
THUMPD1P1
DEFT1P
RP5-1057J7.1
EFCAB8
RPTN
TTC34
AC008166.1
RP1-232L24.2
KRT8P43
RP4-724P12.1
AMZ2P2
MIR548L
AL133232.1
AC004673.1
RNA5SP390
Y_RNA
Y_RNA
RNY1P15
Y_RNA
RN7SKP281
AC103996.1
RNU6-955P
RN7SKP177
Y_RNA
RNU6-1064P
AC010999.1
RNU6-402P
RNU6-1203P
RN7SKP29
RN7SKP268
Y_RNA
RNU6-293P
AC008836.1
RNA5SP221
RNA5SP508
RNA5SP498
RN7SKP85
Y_RNA
AL033378.1
HBD
RP11-93B14.4
SFR1P2
RP11-554D15.1
DPPA2P1
RP11-728K20.1
AC097468.4
AC104389.16
LINC00570
RP1-15D23.2
ENSAP1
LINC00572
LINC00365
MEF2AP1
MTND5P24
RP1-102E24.9
VTA1P1
RP13-228J13.6
BCRP1
ATP13A4-AS1
RP11-325P15.1
TREML5P
RP4-683M8.2
RP1-163G9.2
CROCC2
RP11-1L9.1
RP11-550C4.6
LINC01108
CTA-384D8.31
RP4-675G8.3
AC011893.3
RP11-122M14.3
AC093787.1
RPS14P4
ALG1L5P
LINC00423
RP11-533N14.3
RP11-95I16.2
RPL15P1
AC069213.4
ATP5G1P5
ALG1L8P
LINC00111
LL22NC03-30E12.13
AC007365.4
RPL23AP89
RP11-399H11.3
POLR2J2
IFNA14
RP11-361M4.1
AC073091.2
TXNP5
RP11-568A7.2
SRGAP3-AS2
RP1-186E20.1
RP11-746P2.5
RP11-91I11.1
MED4-AS1
CYCSP4
HMGN1P37
LRRC37A12P
RP11-498J9.2
RP11-193I22.2
LINC00858
OFD1P4Y
AC023669.1
RPSAP22
RP4-738P11.4
KRT16P5
TUBB3P2
AC092569.2
RP5-1193P9.2
LINC00443
PHBP4
BEND7P1
HINT2P1
AC092580.3
AOAH-IT1
PRB4
RP11-331H2.4
AC007349.7
AC004159.1
RPL23AP11
GCNT1P3
AC006994.2
RP1-27K12.2
AP002856.5
RP11-432J24.2
AL138479.3
AC011899.10
RP11-62I21.1
RP11-203H2.1
RP11-13E1.5
RP11-342C20.2
IQCA1-AS1
LINC00333
RP11-86A5.1
RP4-667H12.4
RPL35AP31
LINC01392
IFNA13
UBE2Q2P10
RP11-288L9.1
RP11-353N4.5
OR7E130P
TMEM212-AS1
IFNA17
RP13-130D24.1
XX-C2158C12.1
MTND4LP13
LLPHP2
AL109767.1
RP13-16H11.5
RP11-59O6.3
RP11-645N11.3
MYO16-AS1
MTND4LP12
AC003092.1
RP11-8J9.5
AC002331.1
RP11-95P9.1
IFNA4
DLX2-AS1
ARHGEF38
RP11-159H3.1
AC003092.2
AC128709.2
RP11-85G21.2
RP5-1155K23.4
LINC01519
AC009498.1
MGC27382
RP3-461P17.9
AC093911.1
RP11-730A19.7
GSTA7P
SNORD126
AC093668.1
SCARNA18
RN7SL11P
Y_RNA
RNF7P1
DEFA3
IGKV1-37
IGKV1D-33
RN7SL541P
RN7SL277P
TM4SF1-AS1
LSP1P2
LINC01168
RN7SL209P
RN7SL751P
RN7SL629P
OR5G3
FAM195CP
INMT
AC090602.2
SERPINB10
RP11-469J4.3
IGKV1D-17
RP11-180K7.1
RN7SL449P
ABCC13
WFDC6
RP11-14I2.2
RP11-281P11.1
CFAP57
TUBA4B
RN7SL430P
RPL23AP44
RP11-254G11.1
RN7SL396P
RN7SL47P
HBB
BNIP3P41
HMGB3P16
CTD-2292M14.1
RP11-125O18.1
RP11-302F12.3
RP11-287F9.2
RP11-206P5.2
MTCO3P44
RP11-661C8.2
CTD-2113L7.1
RP11-447E20.1
RP11-1C1.5
CTC-529L17.1
AC195454.1
PARP4P3
TRAJ60
RP11-751L19.1
CTC-441N14.1
CTD-2544H17.1
CTB-138E5.1
RP11-212F11.1
CTC-359M8.1
AF196779.12
CTD-2024P10.1
RP11-647P12.1
GYPB
RP11-366M4.15
RP13-577H12.2
RP11-116A1.1
RP11-158C21.2
RP11-138B4.1
TRAJ55
DCAF13P2
RP11-540D14.8
RP11-385D13.1
PRB1
RNU7-175P
RNA5SP385
MIR449C
AC090420.1
RN7SKP43
RNU6-416P
Y_RNA
SNORA48
RNU6-314P
Y_RNA
RNU6-1069P
SNORD45
SNORA67
RNY4P20
SNORA31
RNU6-1282P
RNU2-44P
Y_RNA
SNORA48
SNORA48
SNORA44
RNA5SP243
RNU6-789P
RNU6-1057P
RNU7-35P
RP1-84O15.2
RP11-550I15.1
CTA-392E5.1
IGLV3-6
CTC-756D1.1
RP11-44K6.2
AC226119.5
CTB-43E15.1
VENTXP6
RP11-470M17.2
CTD-3107M8.2
IGHVIII-51-1
RP11-179A10.1
RP11-304C12.3
RP11-84A19.3
RP11-429J17.5
RP11-56A10.1
PRR13P2
INMT-FAM188B
RP11-167J8.3
RP11-794P6.6
CTD-3012A18.1
OR5AK1P
RP11-655M14.12
RP11-655M14.4
RP11-428C19.5
RFPL4AP1
RP11-734C14.2
RP13-631K18.5
CTD-2531D15.4
RP11-63D14.1
CTA-797E19.2
RPA2P3
RP11-59N23.3
RP11-666F17.2
NHLRC4
RP11-2A1.1
HMGN2P6
RP11-359M6.1
RP11-896J10.3
RP11-804F13.2
RP11-139E19.2
RP11-148E17.1
RP11-74K11.2
RP4-816N1.7
RP11-77I22.4
RP11-412H8.2
RP11-148B3.2
RP11-404P21.5
RP1-292L20.2
TRAV15
RP11-543C4.3
RP11-356K23.1
RP11-813I20.2
RP11-589M4.2
KRT8P2
RP11-259K15.2
RP11-100M12.2
RP11-203M5.6
RP11-60L3.1
RP11-26L20.3
GH1
RP11-276M12.1
RP11-351M8.2
RP11-143J24.1
NCAPGP2
SLC22A31
CTA-363E6.1
CTA-363E6.2
RP11-322D14.2
CCDC187
RP11-120K18.3
ULK4P1
RP11-351A20.1
LA16c-325D7.1
RP11-612A1.1
AC235953.1
AC017104.1
RP11-146G7.2
RP11-789C17.5
BX649553.2
AC063932.1
MIR3175
ANXA8L1
MIR548AT
MIR548AR
RP11-21G15.1
CTD-2501B8.1
SNORD92
AC011450.1
MIR3153
ANXA8
SNORA74
RP11-169I9.2
AC005288.1
MIR4706
MIR4742
AC005256.1
CTD-2378E21.1
RP11-64C12.7
CTD-2369P2.8
RP11-188I24.1
RP11-10I6.2
CTD-2265O21.7
CYP2G2P
POLR3GP1
SCGB1C2
CTC-518B2.10
RP11-687D19.1
COX6CP7
RP1-102K2.8
CTC-246B18.10
AC092071.1
CTD-3187F8.6
CTD-3214H19.16
CTC-518B2.8
LA16c-380H5.3
IGHV3OR16-12
RP11-168P13.1
RP11-455J15.1
GAS2L2
RP11-142I2.1
RP11-666O2.1
RP11-68E19.1
RP11-141C7.3
RP11-297J22.1
MIR92B
SNORA51
RNU6-85P
AC226119.4
RP11-332J15.4
RNU4-5P
AC026703.1
LINC00551
CFAP206
RP11-54O7.18
RP11-85B7.5
IGKV2-40
INO80B-WBP1
RP4-545L17.12
MIR6864
C8orf89
RP1-66H9.1
MIR6832
Y_RNA
MIR6867
Metazoa_SRP
AC145212.2
RP11-385J1.3
TRBV16
RP11-844G16.3
GRIFIN
RP11-101E5.1
FAS-AS1
RP11-397O8.7
AC009499.1
RP11-106D4.3
RP11-144A16.8
FAM25C
RP11-400G3.5
Metazoa_SRP
AC026254.1
RP11-60L3.6
AC138649.1
MIR29A
MIR8075
MIR6512
MIR6865
RP1-229K20.9
Metazoa_SRP
AC005071.2
OR2S2
CTD-2537I9.15
AC234582.1
FAM230C
RP11-79C6.2
RP11-472K17.3
AC234582.2
RP11-191F9.1
CH17-140K24.2
CTC-312O10.3
CH507-42P11.7
RP1-59D14.8
RP11-218I21.2
RP11-83B20.8
Metazoa_SRP
AC010480.1
RP4-587D13.1
AL355480.2
RP11-294C11.4
AC018816.1
AC011380.1
AL136115.1
RP11-237N19.3
AP001187.1
AL391095.1
AC012363.2
AC016959.1
AP000237.1
AC091053.2
