ABCA8
AGBL1
AMPD3
AMPH
ANK2
ANKRD12
ANO1
APBB1IP
APC
ASCC3
ATF7IP
ATG2B
ATP2B2
ATRNL1
BBX
BCAR1
BCL11A
BNC2
BOD1L
BRAF
C3orf30
C10orf79
C10orf88
CACNA1I
CCDC80
CCDC83
CCDC85A
CCDC108
CDH9
CFHR5
CHRD
COL2A1
COLL11A1
COL25A1
CR1
CTTNBP2
CYP11B1
DACH2
DARC
DBC1
DEPDC5
DLC1
DNAH9
DNMT3A
DOCK11
DSEL
DUSP27
DYNC1I1
EGF
EHBP1
EIF3E
EIF4G1
F13B
FBXL7
FGD5
FNDC1
GPR128
GUGY1A2
HGF
HIVEP1
HRNR
INADL
INTS1
IRS1
ITGA10
KIRREL2
LRP1
LRRC4C
LSG1
MAD1L1
MAGI2
MARK1
MK167
MTR
NALCN
NKX2-2
NLGN1
NLRP4
NPAT
NRK
NUP133
NUP155
NUP205
ODZ1
OR2B3
OR4S2
OR5AS1
OR5I1
OR5M9
OR5T1
OR5T3
OR8I2
OR10Q1
PCDHA2
PCDHA3
PCDHB2
PDE10A
PHF20L1
POLR2B
PRDM13
PRKD1
PTCHD3
PTPRH
PXDN
RGL1
SCN11A
SERPINC1
SIGLEC1
SLC4A10
SLC30A8
SLITRK1
SMARCA1
SMCHD1
SON
SP4
SYNRG
TAS2R60
TEP1
TEX14
TF
TFAP2D
THADA
TMEM108
TOPORS
TPTE2
TRIO
TRIP12
TRPA1
TRPC4AP
TNN
TYR
UGT3A1
USP34
VCAN
ZFYVE9
ZNF235
ZNF527
ZNF765
ZNF804A
ZNF835
ZPLD1
