GCLC
WNT16
HSPB6
PDK4
ZMYND10
SLC4A1
HOXA11
YBX2
KRT33A
TMEM132A
DLX6
ALDH3B1
CCL26
DNAH9
CEACAM7
CACNA2D2
TFAP2B
TFAP2D
PAX7
SEMA3G
PRSS3
ANLN
GABRA3
GPRC5A
ISL1
CLCA4
ATP1A2
VSIG2
MARCO
CYP24A1
SYT13
C8B
FHL1
ABCC2
DEPDC1
HSD17B6
KCNG1
ARNTL2
IBSP
MYOC
DEPDC1B
OTC
HOXC8
C6
BEST2
BARX2
ZIC2
ADRB1
MAGEC2
PREX2
ARHGAP6
GUCA1A
EPN3
RAD51
POLQ
ALX4
PTPRN
CCDC85A
SERPINB3
RASGRF1
CAMK2B
COL11A1
CDH3
GSC2
GPC1
LIMCH1
CCN5
DMRT3
EYA2
CHI3L2
MCM10
ROPN1
COL17A1
SLC9A3
ASPM
CLDN18
PAGE1
PITX1
TRPC7
ADGRF5
ADAM7
GAL
HES2
PFN2
CNGB1
CHAT
EPHA8
TRIP13
MYO3B
SLC6A15
SPP2
LIMS2
HMMR
TRHDE
CYP2W1
MCM2
PANX2
TP63
CD5L
PPP2R2C
CA12
KCNQ2
GTSE1
FGF4
WDR62
PAX2
SPAG5
UBE2T
DCX
ACTN2
SMC1B
ITGA8
TNS1
DUSP13
PTPRH
EPHA6
CPB2
NDC80
CXCL2
AFP
PKP1
COL19A1
KCNK2
EPYC
NKAIN1
FCN1
IGSF9
ORC1
RAD54L
FAT2
TMPRSS11E
PTHLH
AURKA
TPX2
SLC15A1
TMEM40
SLC4A11
F11
LHX5
CHGB
BIRC5
FETUB
KIF4A
DLL3
APOH
ORC6
COL9A3
CDC45
GABRP
KRT31
CDC6
FMO2
TLL2
CYP26A1
CRTAC1
PGC
DSP
MAGEB2
EFNA2
MMP11
SUSD2
SEC14L3
GGTLC2
CENPM
MIOX
PNPLA5
KCNK10
COCH
CDKN3
PLEK2
ISM2
SERPINA4
DHRS2
GINS1
MYBL2
SALL4
BMP7
TUBB1
EEF1A2
ANGPT4
SIRPB1
FERMT1
PAK5
CST4
FAM83D
LAMA1
H2BW2
CHRDL1
RS1
GPR50
ITIH6
CENPI
TAF7L
RGCC
OLFM4
NECAB2
SLC7A5
SALL1
SLC6A2
AP3B2
TGM5
RHOV
OIP5
TRPA1
CALB1
DKK4
NEFM
CGB2
CGB3
TUBB4A
KCNA7
KLC3
RETN
CLEC4M
ASF1B
TNNT1
CASP14
SLC1A6
CCNE1
CCNP
PRX
FSD1
CNFN
GRIN2D
CABP5
HAS1
THEG
FGF21
MAST1
UPK1A
ATP4A
DLX5
STEAP1B
CAV1
HOXA1
HOXA13
EVX1
PTPRZ1
TFR2
NOBOX
EZH2
POU6F2
SLC1A1
LHX2
OGN
CA9
LHX3
ATRNL1
SPOCK2
TLX1
KRT23
CSF3
RAPGEFL1
ASPA
KRT37
TRIM16L
SLC6A4
ALDH3A1
KRT32
SGCA
FOXN1
NMU
ANXA10
NEIL3
NKX3-2
NCAPG
DBX1
ZBTB16
CCKBR
FOLR1
NECTIN1
KIAA1549L
PTPN5
VWF
FOXM1
RAD51AP1
ART4
RASAL1
FZD10
ADGRD1
CDCA3
SLCO1B3
APOBEC1
TULP1
FHL5
KHDRBS2
PRDM13
SIM1
HDGFL1
NR2E1
PERP
UNC93A
C6orf118
TTK
CLIC5
TBX18
C7
KIF20A
BTNL8
GABRG2
IRX4
HRG
RBP2
GRK7
COL7A1
ECT2
MORC1
PODXL2
UPK1B
EFCC1
ABCC5
VIPR1
TNNC1
ADAM23
CENPA
TLX2
ACADL
REG1A
IGFBP2
OTX1
WNT6
IL1RL1
SLC9A2
DLX2
KISS1R
EPAS1
TNR
ANGPTL1
PRG4
RPE65
ZP4
ACTL8
SLC2A1
CDC20
ARTN
MROH9
FMO6P
NEK2
CENPF
SLC5A9
CHRNB4
KIF14
ATP10B
ELOVL4
ADGB
TCF21
GHRH
CASQ2
OLFM3
SPP1
GDA
ECRG4
SLC46A2
NR4A3
ONECUT2
BCL11A
NKX2-3
CNNM1
HELLS
CRHR1
TEK
INSL4
GRIA2
MYCT1
TP53AIP1
SOHLH2
CHRNA2
ADRA1A
TBX4
NCAPH
MND1
IAPP
RGSL1
CSTA
GJB6
GJA3
NXPH1
NPY
RAMP3
TWIST1
SFTPA1
ZWINT
NECAB1
HOXC13
HOXC11
HOXC12
STIL
HJURP
COL10A1
H2BW1
ESX1
MAGEA9
C4BPA
MOGAT1
MC3R
CTCFL
PI3
C20orf85
MAGEA10
XG
LYPD3
CEACAM8
GRM4
OR2B6
MYRF
PIWIL1
SLC10A2
SOX21
HROB
MYH2
MIR9-1HG
FOSB
TGM3
DEFB126
FOXA2
CD93
PAX1
CST8
NKX2-4
NKX2-2
CSTL1
CST11
LRRN4
FAM83C
SLURP1
KIRREL2
CSN1S1
STATH
HTN1
SSX1
DLGAP5
CTAG2
PLAAT1
BEST3
PTPRB
AUNIP
KLF2
OR7C1
PKMYT1
VIL1
GNG11
GNGT1
STEAP4
RFPL1
BAIAP2L2
KRT17
CPA4
VGF
FEZF1
GAD1
HOXD10
HOXD11
HOXD13
CGNL1
ALDH1A2
MYOD1
E2F8
SOX15
PIMREG
KLK8
EGLN3
ART1
SGO1
SYT5
KCNA5
NALF2
GDPD2
NCAN
KIF1A
USHBP1
SULT4A1
SLC6A8
PNCK
DUSP9
SYNE1
C1QL1
HIGD1B
GINS2
SLC34A1
F12
ADGRE3
NAPSA
AOC3
RAMP2
KREMEN2
BARX1
CA6
KRT34
KRT33B
TNS4
TOP2A
FMO5
KRT17P1
RTBDN
SLC6A11
LINC00470
POPDC3
FTHL17
HSPA12B
RHBG
ALDH3B2
TESMIN
RXFP2
KL
IRS4
MYO18B
FAM83F
NTS
SFTPD
LYVE1
TEX15
GSC
PEBP4
CCNB1
CNTN6
GSTM1
CHIA
VTCN1
MYCN
FST
CFHR4
RAX
SLCO1B1
CDCA8
DSG3
DSG1
DSC3
DSC1
TCN1
ADAMTS8
KLB
FAM189A2
PSAT1
MSI1
CSN2
UGT2B28
FAM71F1
MRAP2
EPHA7
CGA
TROAP
B4GALNT1
ESPL1
EMX1
CAPN9
PAX3
SLC19A3
PCDH8
CNMD
EDNRB
IGF2BP3
IL6
BRIP1
SCN7A
IL36G
IL36A
IL36RN
IL36B
IL1F10
GAD2
NR5A1
CTSV
LMX1B
DMRT1
TFAP2A
TINAG
TUBB2B
FGFBP1
ARRB1
LRRC32
TMPRSS4
MMP20
TRIM29
MMP13
NUSAP1
KIF23
KNL1
ITPKA
STRA6
BCL2L10
GCOM1
BRDT
SLC44A5
CLCA2
DNASE2B
CGREF1
SIX3
KIF11
CEP55
GPR87
FGF5
MMRN1
CENPE
C4orf17
SLC39A8
FBN2
PLCZ1
COL2A1
PDX1
ACVRL1
ZIC5
SSTR1
PIF1
CYP1A2
RHCG
FANCI
TICRR
ST8SIA2
SEPTIN12
RPL3L
MYOCD
ABCA8
SLC13A5
CARD14
CBLN2
IL19
CBLC
IGLON5
PADI3
PADI1
DMRTA2
FCN3
KIF2C
CYP4B1
BARHL2
KCNA10
GPA33
RXRG
ADCY10
NECTIN4
NUF2
CRABP2
SELENBP1
HORMAD1
SYT14
KCNH1
HHIPL2
FLG2
CRNN
S100A7
EFNA3
LEFTY2
PPFIA4
ABCG8
TRIM43
DQX1
AFF3
GPR17
SCN1A
ZNF385B
CDCA7
DLX1
CCDC150
PTH2R
ABCA12
TRPM8
CSRNP1
STAC
ADGRG7
IGSF11
AGTR1
UCN2
STXBP5L
ECE2
CCNA2
CDH18
UGT3A1
MEGF10
CXCL14
LECT2
SLC25A48
CPLX2
TENM2
DCDC2
MLIP
GABRR1
CLVS2
PNLDC1
CDCA5
ZAN
STRA8
CNPY1
AWAT2
HTR2C
IGSF1
ARHGAP36
MAGEA4
CHRNA6
STAR
RGS20
GINS4
CRH
RSPO2
FAM83A
GSDMC
CDKN2A
NTRK2
CACNA1B
CDHR1
RGR
ANKRD1
HTR7
VAX1
MKI67
INA
SLC5A12
SCGB1A1
HTR3B
GGTLC1
PLCH2
ESAM
HMGA2
MMP3
TRIM48
PPIAP26
CDH8
LYPD1
LYPD6B
GPM6A
C11orf53
SLC7A11
BTBD11
MSGN1
AKR1C2
WWC2
CENPU
MCHR2
POU4F1
SPC25
SPOCK1
BOLL
DSPP
DMP1
CNTNAP4
PART1
NRSN1
ZIC1
ACOXL
FEZF2
ADGRF4
C16orf89
TGIF2LX
TMPRSS11D
CLCA3P
CABYR
C16orf74
JPH3
ROBO4
CDH12
ABI3BP
CERS3
UCHL1
PGM5
C10orf90
CHODL
TMPRSS15
PDE1C
JAM2
SKA1
EME1
SEPTIN14
CNTNAP5
PROM2
MAGEC1
GRIA1
VSIG4
SLC24A2
RAET1L
ALX3
NAA11
CLDN17
SORCS3
FBXO43
GLYATL2
ADGRG4
ZIC3
BUB1B
TMEM171
C1orf158
CCNB2
SLC34A2
DPYSL5
GRHL3
GALNT14
XDH
CDC25C
CPA2
ALAS2
ITLN2
PLA2G2F
PRAC1
HOXB13
IGF2BP1
GIP
SIM2
SCUBE1
PADI4
LCE2B
SPRR2G
PGLYRP3
ISL2
LRRC36
AGRP
CPAMD8
TFF2
FTCD
COX6B2
CHRNB2
FGFR4
LY6K
RECQL4
FOXH1
SCGB3A1
FBXO27
SIGLEC11
CD300LG
KRT84
KRT82
SPC24
FGF11
SSTR5
MEIOB
TEDC2
FGF19
TAL1
AK4
LRRC38
C1orf87
LHX8
KCNT2
SLAMF9
FAM71A
TDRD5
PIGR
VSNL1
EN1
NOSTRIN
CCDC140
C1QTNF7
LCE3D
SMCP
IVL
SPRR3
SPRR2D
PGLYRP4
TDRD10
NPPC
DAPL1
CLDN1
PDCL2
CXCR1
CCDC141
CRYBA2
IHH
CIP2A
RETNLB
DPPA2
NKX6-1
SYNPR
PPBP
PF4
KIF15
CLEC3B
SLC6A20
RTP3
CAMK2N2
IGF2BP2-AS1
RFC4
RPL39L
MELTF
OTOP1
CLDN19
EMCN
CDC25A
CAMKV
PITX2
MAD2L1
HHIP
F2RL2
PRDM9
SPZ1
CAGE1
TERT
FABP7
TLX3
TBXT
IL22RA2
IL31RA
PI16
TBX20
PTTG1
FBXL21P
SP8
SOX17
DLC1
EN2
KCNV1
DEFA5
DEFA4
CA3
DIRAS2
ZMAT4
NKX6-3
MAMDC2
SSMEM1
FBP1
RNF183
PCDH19
VEGFD
WNK2
MELK
LRRC18
PHOX2A
GJB2
SKA3
TMEM63C
NGB
CDX2
OTX2
SOHLH1
SLC39A2
RNASE7
BTNL9
C10orf82
E2F7
LARGE2
SMCO2
SERPINA12
SLC6A5
NELL1
PASD1
C16orf78
TMEM100
NETO1
SERPINB7
LMO1
WDR72
CRABP1
MFAP4
A2ML1
SERPINB12
MMP10
HTR3A
PCLAF
PLK1
CACNG2
TAC3
CHP2
GREM1
TGM6
MS4A15
B4GALNT2
UGT1A6
LOXHD1
OR51E2
CA4
CDT1
GPD1
KIR3DL1
NLRP7
LY6D
KLK2
KLK6
KLK13
RCOR2
TBX10
TEKT1
TK1
KRT24
SOST
CASKIN1
ABCA3
PBK
SCARA5
OR1F1
OR2W6P
KCNJ4
FAM83B
GNG4
FAM107A
CX3CR1
PPDPFL
HR
TNXB
LGI3
SFTPC
CAVIN2
GBX2
CHRM1
ADAM18
GDNF
MUCL3
VWA3B
UGT3A2
LRP1B
SHOX2
HTR1E
FSTL5
ATOH8
SOX14
SFTPB
TRIM49
NTSR2
COL4A3
VCX3A
RAB3B
RSPO1
SHE
NR0B1
GP2
NPR1
KCNK9
COL22A1
SPRR1B
SPRR1A
SLC38A11
CRCT1
ZNF280A
CT55
BNC1
CKAP2L
BUB1
CHRNA5
GP9
LDB2
ONECUT1
PYDC1
MYRIP
ZPLD1
HOXD12
MRGPRX1
FAXDC2
C7orf33
CNGB3
CDK1
FABP4
CST5
CST1
KRT78
SDR9C7
KRT75
KRT6C
KRT74
COX7B2
KRT83
SIX2
GTSF1
HOXB9
CEL
PSG6
PLA2G1B
TEX13B
PLAC1
S1PR1
HS6ST2
FPR2
GIMAP8
MUC7
CSN3
KCNK3
ESCO2
KRT15
KRT38
APLN
KRT13
KRT9
XAGE5
KRT20
CDK5R2
DLK2
NEUROD2
ECEL1
FGB
NMUR1
NMRAL2P
PAH
ANGPTL7
RRM2
PRND
AQP4
MIR31HG
CYP4F11
ZNF556
GAP43
FUT9
NIPAL4
MUCL1
RND1
FADS6
OVOL1
MYEOV
DELEC1
LRRN3
ADAMTS20
MAB21L3
SYT12
C11orf86
DMRT2
CST9
NDNF
OLR1
INSM1
AGR3
UGT2A1
HAP1
TDRD12
CBX2
CBY2
TENT5D
NWD2
SNX31
EVX2
DIRC1
EXO1
GOLGA6L2
CNTNAP2
SLC26A9
KLK15
IL20RB
ODAPH
GPR149
ZIC4
UBE2C
DSG4
DES
WFDC5
ISX
LPL
LONRF3
RMI2
ETV4
CREG2
A2M
GPX2
FOXG1
OR11H4
RIMS2
CLEC14A
DCAF4L2
CNBD1
MAGEB6
NCKAP5
SOX11
TYMSOS
RPL7L1P11
LINC01561
TRIM72
BEND2
OLIG3
GIMAP3P
C12orf54
SRRM3
SPATA31C2
TMEM151B
SLITRK1
CALML3
CALML5
CCDC185
NEUROG2
ERBB4
OTOS
DYNAP
FOXE1
LGALS7B
ERICH3
AURKB
C14orf39
FAM133A
C10orf67
LINC00670
ALOXE3
TMEM125
MKRN3
GPHB5
ARL14
OR6C2
APOBEC3B
ATP8B5P
ATOH7
CDH5
FAM216B
MRGPRX3
NKPD1
C1orf194
ITLN1
ZNF648
LINC02870
FAR2P1
SLC9A4
ADGRD2
ALX1
OR6K4P
TPRXL
SERTM1
SLC47A2
AGTR2
OR51E1
HOXC9
HOXC10
LINC01559
CHRM2
ADIPOQ
H2AW
TMEM132C
HEPHL1
OFCC1
CFAP65
DDN
SAGE1
SOX2
FDCSP
TMEM252
NEUROG1
RTKN2
USH1G
TRIM49B
FAM181B
ZNF716
RGMA
GABRG3
NLRP10
B4GALNT4
NXPH4
TEX19
LHFPL1
CAV3
RNASE10
VCX
HS3ST4
CCNYL2
PPP1R27
MAGEB17
TCHHL1
OTOP3
SOX1
MCEMP1
OTOP2
NKX2-5
FREM3
PRORY
GPR19
CCBE1
MAGEA2B
CABCOCO1
GBP6
SYNDIG1L
GKN2
MARCHF11
PSG9
LINC00518
IFNL2
ACP7
FOXL2
EMILIN3
FAM162B
IQGAP3
DUSP5P1
NPW
DSCR4
CLDN5
SPRR4
C1QTNF12
SIX6
S100A7A
SLIT3
KRTAP19-1
H1-5
MAP7D2
UMODL1-AS1
BPIFC
OR56A3
POU3F2
GAST
CDCA2
RALYL
DDX53
MGAT4EP
B3GALT5-AS1
LINC00308
OR6C70
IFNE
LRRC14B
MROH2A
SGCZ
KRT76
MYADML2
MAGEA11
SFTPA2
C12orf56
KRT6B
PARPBP
FAM131C
DLK1
DBX2
PDIA2
POU3F1
MORN5
PRAME
C11orf87
LINC01405
TMPRSS11B
OR11N1P
LCE3A
LCE3E
PLK5
KRT5
CYP4F2
KIF18B
FFAR4
BPIFB4
SAPCD2
EDARADD
SLC51B
LCE1E
PABPC1L2A
GABRA5
TMEM212
GLDN
TRDN
KRT3
KLK12
CYP4F3
HPDL
CYP27C1
MPPED1
FOXE3
KRT17P2
KRT16
SELENOV
LCE1A
KRT14
KRTAP17-1
QRFPR
ERCC6L
TNFRSF18
FGF3
C1QL4
SERPINA11
KANK3
ESPN
TMPRSS11A
AKR1C1
FOXD3
ANGPTL5
BAGE2
LCE2C
NPSR1
LHFPL3
ATP13A5
PRR27
COX8C
AMTN
SLC18A3
LIN28B
DIPK1C
ASCL4
DMBT1
OVCH1
C17orf99
CTSL3P
FAM25A
ALOX15P2
OTOG
OR7A5
IGFL1
C10orf99
JAKMIP3
CLEC2A
NCCRP1
KRTDAP
CFAP77
HBA2
NKAIN2
FAM72B
IGFL3
OR56A5
HMX2
SNTN
DPPA3P2
LRRK2
GJB3
SBSN
MAGEB16
RNF222
CGB5
FAM111B
GAGE2A
IL1RAPL2
ANKRD34B
PLAC9
KRT77
DCAF8L2
GJB5
ALG1L
KIAA0408
SH2D5
GJB4
MYBPC1
AKR1C3
LINC00615
SFTA2
BECN2
ADH7
NUDT11
SPANXD
NBPF4
OR9K1P
SPTSSB
XRCC2
POTEF
MMP1
ADH1B
SLC30A10
LCE1B
H2AC13
CLPSL2
S100A2
SPRR2B
H2AC7
KRT35
LCE1C
NPSR1-AS1
IFNL3
ZNF679
H3C12
MAGEA6
FAM110D
GUCA2A
H3C4
VEPH1
OGDHL
GYPE
SPN
ZNF695
ELANE
COL4A6
DMBX1
MYH6
SERPINB2
SERPINB13
CCER1
LHFPL5
MAP1LC3C
SLC22A20P
PRB3
AADACL2
DSCR8
POTEH
AKR1B10
TMPRSS11F
DCAF12L2
KRTAP4-1
C2CD4A
SPANXC
ARC
AKR1C4
MAGEA1
ABCA4
PLXNB3
SYCP1
APCDD1L
MUC2
ALPK2
PAX9
ARHGAP11A
ARHGEF15
C1orf68
PNMA5
PRC1
POU3F3
CSAG1
RNU1-70P
RNA5SP174
RNU1-38P
RNU5E-8P
RNU5B-4P
RNU6-353P
RNU6-967P
RNA5SP442
RNU6-438P
IQANK1
TAS2R2P
NTMT2
OR6K3
CENPW
LORICRIN
PRR9
SPRR2E
KPRP
PLPP4
PNLIPRP3
RIPPLY2
CHIAP2
DPPA5
GLYATL3
ZYG11A
CT83
LIPK
LRIT2
TDRG1
CLPSL1
TSBP1
AGER
LINC02783
CASP12
LY6G6C
TRIM49C
LINC01854
GUCY2EP
PSORS1C2
C6orf15
TRIM15
FOXB2
CST9LP2
MAS1L
SPDYC
ADGRF5P2
IGFL2
IGFL4
PSG5
FAM83A-AS1
ERICH4
PRSS3P4
PRSS1
GRM5P1
PKHD1L1
LGALS7
LINC02898
FRG2
CCDC144NL
OR7E36P
TRBV20OR9-2
LINC01460
SLCO6A1
MT1A
MT1M
LINC00661
KRT6A
KRT81
CALML3-AS1
LINC01446
LINC00898
HTN3
ARSH
LINC00634
SLCO1B7
GAGE1
OR7E91P
KRTAP5-6
ONECUT3
OR7E161P
C18orf63
SERPINB11
SERPINB4
SERPINB5
HBA1
HBM
ELOA2
DUXAP8
FOXL2NB
COL6A6
RNU6-140P
MIR196A1
GPX3
DIO2
RNA5SP323
KRTAP29-1
KRTAP2-3
EWSAT1
KRTAP3-1
KLK9
CGB8
HMGB3P6
ARPC1BP1
ACKR1
CHCHD2P4
EEF1DP5
JPT1P1
PRDX2P4
PCNPP3
MAGEA12
GPC2
FIRRE
RPL26P13
GAPDHP25
AKR1B10P1
POLD2P1
NHP2P2
LINC02418
UCA1
MAGEB1
LINC00887
ATP5MC1P6
FOXI3
LINC00488
CYCSP6
SEC14L6
KRT42P
GTF2IRD2P1
SLC6A10P
CAPN14
CDIPTOSP
DDX12P
RAD51AP2
OR7E5P
SYT14P1
KCNU1
AKR1C7P
RPL37P3
SRMP1
SKOR2
HMX1
GCGR
FAM72D
QRSL1P1
FMO9P
RPTN
CAPNS1P1
H1-12P
SP9
KIRREL3-AS3
H2AC9P
RAET1K
RPL7P28
PTCHD3P3
LINC02076
GSTA8P
LL22NC03-63E9.3
SNORD88A
PSG3
MAGEA3
RNU6-955P
RNU6-705P
RN7SKP106
LINC01615
SMPD4P1
CKMT1A
LINC01208
MED15P9
LINP1
LINC02471
LINC02561
CENPVL3
MTRF1LP2
POU6F2-AS1
MIR548XHG
LINC00466
SOX1-OT
LINC01133
ARHGEF2-AS1
MSL3P1
LINC01527
LINC01280
PELATON
NF1P6
LINC02771
LINC01087
MED15P4
LEMD1-DT
IMPDH1P8
FDPSP8
CENPIP1
S100A15A
DUX4L9
NAP1L4P2
LINC00393
CDKN2A-DT
LINC02830
PGM5-AS1
PPP4R3C
LINC01752
LINC01645
OR7E116P
OSTM1-AS1
MIR137HG
DUXAP9
PSLNR
LHFPL3-AS2
LRRK2-DT
SFTA1P
PGM5P4
KRT41P
CYP4A22-AS1
LINC01703
SP3P
LINC02476
LINC01980
CADM3-AS1
PACRG-AS3
ADGRF5-AS1
LINC00626
C3orf86
LINC01456
FRG2B
SATB2-AS1
LINC01776
PHF2P2
KRT16P6
LINC00408
TMEM252-DT
HAGLROS
DCAF8L1
LINC02909
SLC25A5P5
LINC01748
LINC01918
MLXP1
CYP4F26P
LINC00974
PPIAP28
PSMD10P2
LINC01108
FGF12-AS3
NAALADL2-AS2
ERVMER34-1
LINC02527
LINC00511
LINC02672
RBMY2JP
SPANXB1
LINC01985
ACNATP
AKR1B15
SLC2A1-AS1
SOX21-AS1
LINC00355
LINC01850
DNAJB3
PSPC1P1
SELENOOLP
UQCRBP2
LINC01429
RAPGEF4-AS1
MELTF-AS1
LINC02843
LINC01320
PCAT6
TBX18-AS1
LINC00392
OR2S1P
UGT1A2P
HOTAIR
LINC00659
SRGAP3-AS2
RPL7L1P8
CT45A5
COX4I1P2
SLC25A6P5
HOMER2P1
LINC02607
LINC01205
TMPRSS11GP
SPRR2C
LINC02038
RBMY1KP
LINC00710
LINC01981
DANT1
USP24P1
CNIH3-AS1
LINC00858
SFTA3
LINC00404
KRT16P4
NKX1-2
TNPO1P3
PRAC2
MYOSLID
CASC20
TFAP2A-AS1
MAGEA4-AS1
PPIAP39
TRPM2-AS
ANKRD66
KRT16P5
MAS1LP1
LINC02525
FEZF1-AS1
NCAPD2P1
LINC01036
NEK2P4
ANKRD18B
ANKRD30BP3
COL6A4P1
NOS2P3
BASP1P1
PRB4
SDAD1P2
ANKRD63
FOXD3-AS1
TMBIM7P
MIR205HG
LINC02541
HHATL-AS1
RPL23AP11
LINC01804
LINC02522
GAPDHP64
LNCAROD
LINC01098
KLF2P1
COBLP1
APCDD1L-DT
MANCR
RPL13AP17
FAR2P4
LINC01305
E2F6P4
LINC01249
CLEC12A-AS1
LINC02595
S100A11P7
LUARIS
KRT17P6
LINC01698
DIRC3
ABCA9-AS1
CHODL-AS1
DLX6-AS1
LINC01611
DNAJB6P3
PCAT7
KRT17P3
PSG1
PGM5P4-AS1
CT69
FAM238B
LINC01807
SILC1
LINC01697
VN1R54P
LINC01873
TPM4P1
LINC02043
GRHL3-AS1
RAD17P1
EMSLR
MRPL45P1
LINC01549
CRB3P1
LINC01412
LINC01705
FRG2FP
LINC01162
TBC1D26-AS1
TBC1D3P7
PTPRN2-AS1
LINC01399
LINC00702
LINC01687
MROH3P
PNPT1P2
XXYLT1-AS1
AK4P3
CYP2AB1P
RPL17P11
LINC01518
LINC00462
MYCNOS
LINC01765
LINC00656
PUDPP2
POU6F2-AS2
UBE2SP1
PAGE2
AKAP8P1
NDUFS5P2
KCNH1-IT1
DEPDC1-AS1
LANCL1-AS1
SNX18P7
ELK2BP
LINC01250
LINC00701
NUS1P2
TFPI2-DT
LINC01287
LINC02817
PCMTD1P3
IQCM
ATP5F1AP1
LINC00163
OR7E62P
LINC02623
LINC01524
JCADP1
LINC00940
FAM237A
LINC00601
TUBBP6
B3GALT1-AS1
SPAAR
LINC01967
BARX1-DT
LINC01647
MTFR2P2
G3BP1P1
LINC02784
SEPTIN14P12
LINC00607
LINC00941
LINC01564
LINC01936
CHIAP1
LINC01920
SYN3-AS1
LINC01447
ELFN1-AS1
LINC01639
HMGN2P23
PTCSC2
PPP1R11P1
C1DP2
MYO16-AS1
LINC01361
CLEC2L
TLX1NB
BMP6P1
SCAT8
KRT43P
LINC01945
ATP13A5-AS1
KLF2P4
DLX2-DT
HMGA1P1
LINC02827
NF1P8
GAPDHP21
MLIP-IT1
MKRN8P
LINC01968
LINC00851
CKMT1B
LINC01343
HOXD-AS2
PRSS56
MGC27382
SHISA9
DGCR5
PYY2
KIFC1
LINC01143
LINC01370
NFYAP1
LINC01885
LINC00844
KCNMB2-AS1
SALL4P2
LINC02806
SLC9A3P2
LINC00391
LINC00707
IFNWP19
TBC1D3P1
LINC01448
RNU7-159P
LINC02031
ATP6V1B1-AS1
LINC02008
RN7SL399P
OR1J4
PRR20G
PDZRN3-AS1
DEFA3
RPS27P25
ZNF736P9Y
TCAM1P
LCE1F
SAMMSON
AQP1
LSAMP-AS1
HOXA11-AS
LINC01994
CEACAMP10
UGT1A9
ADAMTS9-AS1
SLC25A24P1
LINC01192
MCRIP2P1
UGT1A1
INMT
ADAMTS9-AS2
TMEFF1
VWFP1
RPSAP52
SPRR2A
RPL35AP28
RN7SL318P
LASTR
HOXB-AS4
UGT1A8
LINC02046
LINC01206
UGT1A10
MAGEA5P
TUBAP13
MED28P8
CSAG4
OR5BH1P
RPS29P11
LINC02005
SOX2-OT
RPL21P13
PSG4
GSTA9P
LINC01998
MNX1-AS1
RPL32P33
RPL32P20
LINC01214
UPK3B
HOTTIP
OR7E89P
PARAL1
LCE3C
SPRR2F
UGT1A7
LINC01322
EIF4E2P2
LINC02016
LINC01995
ECEL1P2
DUXAP10
LINC01326
UGT1A4
RPL18P13
LINC01213
LINC01391
LINC02086
HBB
ARNTL2-AS1
LINC00461
KLRK1-AS1
MIR4300HG
LINC00682
LINC01096
CASC8
LINC00968
LINC02466
PLUT
LINC01194
PES1P1
LINC02505
LINC02438
LINC02360
CYP4F27P
LINC02434
ASNSP1
LINC02267
LINC02437
BCL2L12P1
OTX2-AS1
C5orf34-AS1
GDNF-AS1
LINC01331
LINC02484
LINC02428
MED15P8
KRTAP9-12P
PMPCAP1
APOBEC3AP1
LINC01574
EPIST
GPM6A-DT
IRX4-AS1
TMEM132D-AS1
CTD-3080P12.3
CTD-2194D22.4
CASC9
IL20RB-AS1
LINC02477
SPATS1
NEUROG2-AS1
LINC01234
LINC02465
LINC00942
HOXC13-AS
CEP72-DT
ECSCR
LINC00536
LINC02223
TMEM158
TMPRSS11BNL
ESAM-AS1
LINC02377
HOXC-AS2
CCDC74BP1
GYPB
TUNAR
FTLP10
MARCHF11-DT
HOXC-AS1
KNOP1P5
LINC02492
LINC00491
KHDRBS2-OT1
LINC02269
THOC3-AS1
LINC02111
LINC02208
LINC02382
ZFPM2-AS1
TMEM108-AS1
LINC02163
LINC02512
ALG1L3P
LINC02882
HOXC-AS3
MIR3945HG
LINC02475
LINC02315
LINC00958
OR7E28P
FOXD1
TACR3-AS1
LINC01385
LINC02241
PRB1
PCDHA12
SNHG27
RN7SKP18
RNU6-917P
RNU6-725P
RN7SKP116
RNU6-548P
LINC01605
HOXA10-AS
HOXA10
IKBKB-DT
LINC02159
HSPA8P13
IGHV7-40
SINHCAFP3
LINC01414
VENTXP5
LINC01592
ZFHX4-AS1
CARS1P2
SIRLNT
FER1L6-AS2
LINC01608
LINC01419
LINC01863
NRG1-IT1
LINC00051
CD8B2
CASC19
PAICSP4
RPSAP71
MAFA-AS1
MIR2052HG
MPPED2-AS1
DEFB131E
BBOX1-AS1
OR5M6P
GLYATL1P2
MEX3A
CASP1P2
TRIM53CP
SLC17A6-DT
NECTIN1-DT
LINC02744
OR7E158P
INMT-MINDY4
LINC02763
LINC02489
TDH-AS1
BCAS2P1
GRM5-AS1
TSKU-AS1
CARD17
OR5M11
NECTIN1-AS1
LINC02687
WTAPP1
SMILR
OR8G3P
LINC02764
CARD18
MIR9-3HG
C10orf88B
RMST
MT1JP
CABP1-DT
LINC02443
LINC02598
LINC02387
LINC02454
ASIC5
SALL3
LINC02393
CYP2B7P
CAPNS2
PPP1R14B-AS1
KHDC1L
SLCO1B3-SLCO1B7
LINC02282
C11orf97
TAS2R38
LINC02293
LINC02448
KIRREL3-AS1
OR7E47P
LINC01475
G2E3-AS1
NOVA1-DT
LINC02404
LINC02156
LHX5-AS1
LINC02306
TEX49
RPL3P13
LINC02457
LINC02327
OR9A4
PPIAP45
LINC02444
LINC00592
LINC02313
LINC00640
LINC00645
NBEAP1
SERPINA2
LINC01629
LINC00871
LINC01193
LINC02301
DIO2-AS1
LINC00520
LINC02310
LINC02820
EGLN3-AS1
LINC01956
TUBB3
LINC00519
TMEM179
CHORDC2P
LINC00648
CHEK2P2
LINC00928
LINC02323
MIR4713HG
LINC02895
CTXND1
LINC01833
LINC02253
LINC01583
LINC01491
LINC02254
NCAPGP2
LINC02109
LYPD8
FRG2JP
LINC00261
LINC01992
LINC01070
CDH8-AS1
LINC00556
LINC02137
FRRS1L
LINC02562
TPSP2
ARMH2
MRC1
KCNJ18
INSYN1-AS1
CES1P2
LINC01964
LINC01254
LINC01416
LINC02555
LINC00557
LINC01633
LINC01572
RARRES2P6
LINC01228
LINC02178
LINC02473
LINC02167
ADAMTS7P3
CLEC19A
BCAP31P1
LINC02128
TP53TG3GP
LINC02152
LINC01616
PECAM1
VPS9D1-AS1
LINC02605
PAQR5-DT
GOLGA6L7
SSTR5-AS1
LINC02616
LINC02582
TCF24
LINC02141
LINC01996
SMIM36
GFY
LINC02185
NQO1-DT
EIF1P4
MMP12
LINC01977
LINC01896
MYZAP
FAM72C
AK4P1
HID1-AS1
LINC02864
GDF2
MIR4717
LINC02003
SCML2P1
MIR4653
LINC02837
KIAA0895LP1
PPY2P
SRP72P1
RN7SL475P
TUFMP1
ZNF488
RNASEH1P1
LINC00668
GACAT2
ESRG
GATA6-AS1
MIR548Z
LINC01910
GDF10
RN7SL356P
MAGEA10-MAGEA5
MIR3972
MIR3677
MIR3945
DSG1-AS1
GTF2IP6
FXYD1
TCF4-AS1
LINC01905
LINC01842
MIR2117HG
LCN6
MAP4K1-AS1
KC6
MIR924HG
LINC01901
ZNF887P
LINC01028
LDLRAD4-AS1
RUNDC3A-AS1
CBARP-DT
CCDC177
MAGEA9B
LINC01785
GABRQ
FENDRR
MAGEA2
IGFL2-AS1
IGFL1P1
CSAG2
CSAG3
CT45A1
LINC01711
ERVV-2
CT45A3
LINC01082
LINC01224
CYP4F23P
ERVV-1
CT45A10
LINC02893
OR7E108P
LINC00221
LRRC37A9P
PPIAP75
IFITM3P9
IGLVIVOR22-1
SREK1IP1P2
BCRP9
CCDC121P1
SMIM32
BCAN-AS1
IFNL4
OR13Z2P
AFAP1-AS1
LINC02012
FAM25BP
TMEM271
OR7E39P
AGBL1
H2BC14
LHX1
H2BC8
H3C8
ABCB10P1
GGTLC3
TPTE
MIR6867
H2BC17
CCL23
LINC01297
LINC02826
HNF1B
H2BC9
PRSS2
UHRF1
SLC23A4P
H2AC14
FLJ36000
CCL14
H2AC16
H2AC8
H2BC7
LHX1-DT
GOLGA6L6
GPIHBP1
NEFL
PGM5P3-AS1
H3C7
GOLGA6L22
NLRP3P1
RDM1
LINC01971
RFPL4AP6
GRAMD4P3
H2AC4
H2BC10
LINC02335
H2AC17
MIR6071
LINC01451
FAM230C
LINC01666
LINC01667
CH507-42P11.6
KCNIP4-IT1
SH3PXD2A-AS1
PCAT5
LINC01202
ELDR
SCHLAP1
LINC00891
PAUPAR
